
   WARN  Unable to respect the `PHP_CLI_SERVER_WORKERS` environment variable without the `--no-reload` flag. Only creating a single server.  

   INFO  Server running on [http://127.0.0.1:8000].  

  Press Ctrl+C to stop the server

  2026-08-10 16:28:30 / ........................................................................................ ~ 2s
  2026-08-10 16:28:32 /build/assets/app-M2WwAGdR.css ....................................................... ~ 4.55ms
  2026-08-10 16:28:32 /build/assets/app-C8d1wsiQ.js ....................................................... ~ 27.04ms
  2026-08-10 16:28:32 /build/assets/Welcome-BtPyaItV.js .................................................... ~ 2.99ms
  2026-08-10 16:28:32 /build/assets/AppLogoIcon.vue_vue_type_script_setup_true_lang-CUugQWWK.js ........... ~ 20.96ms
  2026-08-10 16:28:32 /build/assets/arrow-right-7l3zty7u.js ............................................... ~ 11.47ms
  2026-08-10 16:28:32 /build/assets/createLucideIcon-Cpxl1yMv.js .......................................... ~ 25.98ms
  2026-08-10 16:28:33 /build/assets/check-DYyBX4DW.js ..................................................... ~ 38.78ms
  2026-08-10 16:28:33 /build/assets/qr-code-BscIyiAs.js ................................................... ~ 56.34ms
  2026-08-10 16:28:33 /build/assets/clipboard-check-DjnWgpWt.js ........................................... ~ 63.75ms
  2026-08-10 16:28:33 /favicon.ico ........................................................................ ~ 49.70ms
  2026-08-10 16:28:33 /build/assets/newsreader-latin-700-normal-rIgV_oaK.woff2 ............................. ~ 2.15ms
  2026-08-10 16:29:03 /login ............................................................................... ~ 2.58ms
  2026-08-10 16:29:03 /build/assets/Login-g0tkYZ4T.js ...................................................... ~ 1.23ms
  2026-08-10 16:29:03 /build/assets/Label.vue_vue_type_script_setup_true_lang-CttW4EuH.js .................. ~ 8.66ms
  2026-08-10 16:29:03 /build/assets/Button.vue_vue_type_script_setup_true_lang-DC3C4Lkk.js ................. ~ 5.90ms
  2026-08-10 16:29:03 /build/assets/index-Ad_UtPjr.js ..................................................... ~ 10.79ms
  2026-08-10 16:29:03 /build/assets/TextLink.vue_vue_type_script_setup_true_lang-BZPauasa.js .............. ~ 17.59ms
  2026-08-10 16:29:03 /build/assets/AuthLayout.vue_vue_type_script_setup_true_lang-7mTu3zdG.js ............ ~ 21.75ms
  2026-08-10 16:29:03 /build/assets/loader-circle-B-eS4ta0.js ............................................. ~ 21.87ms
  2026-08-10 16:29:03 /build/assets/newsreader-latin-600-normal-30OJ_TG_.woff2 ............................. ~ 2.72ms
  2026-08-10 16:29:03 /favicon.ico ......................................................................... ~ 0.70ms
  2026-08-10 16:29:31 /login ................................................................................... ~ 1s
  2026-08-10 16:29:32 /dashboard ......................................................................... ~ 510.87ms
  2026-08-10 16:29:32 /build/assets/Dashboard-B2l1-2qY.js .................................................. ~ 0.95ms
  2026-08-10 16:29:32 /build/assets/AppLayout.vue_vue_type_script_setup_true_lang-ei8d2tNx.js .............. ~ 9.77ms
  2026-08-10 16:29:32 /build/assets/plus-DDc328DK.js ....................................................... ~ 4.70ms
  2026-08-10 16:29:32 /build/assets/users-DK6WXg3l.js ..................................................... ~ 13.75ms
  2026-08-10 16:29:32 /favicon.ico ......................................................................... ~ 0.79ms
  2026-08-10 16:29:53 /sections/1 ........................................................................ ~ 513.99ms
  2026-08-10 16:29:54 /build/assets/Show-DxXxLayW.js ....................................................... ~ 2.61ms
  2026-08-10 16:29:54 /build/assets/armchair-D27Cy3VT.js ................................................... ~ 2.16ms
  2026-08-10 16:29:54 /favicon.ico ......................................................................... ~ 3.23ms
  2026-08-10 16:30:11 /sections/1/attendance ............................................................... ~ 2.90ms
  2026-08-10 16:30:12 /build/assets/Index-CyZqQLtD.js ...................................................... ~ 2.71ms
  2026-08-10 16:30:12 /build/assets/calendar-days-DGY2WSHN.js ............................................. ~ 16.71ms
  2026-08-10 16:30:12 /build/assets/clock-3-BcIlrZPl.js ................................................... ~ 32.03ms
  2026-08-10 16:30:12 /build/assets/circle-check-Cvtw_f12.js .............................................. ~ 26.57ms
  2026-08-10 16:30:12 /favicon.ico ......................................................................... ~ 2.59ms
  2026-08-10 16:30:36 /sections/1/assessments ............................................................ ~ 510.49ms
  2026-08-10 16:30:36 /login ............................................................................... ~ 0.79ms
  2026-08-10 16:30:36 /build/assets/app-M2WwAGdR.css ....................................................... ~ 1.21ms
  2026-08-10 16:30:36 /build/assets/app-C8d1wsiQ.js ....................................................... ~ 10.15ms
  2026-08-10 16:30:37 /build/assets/Login-g0tkYZ4T.js ...................................................... ~ 3.38ms
  2026-08-10 16:30:37 /build/assets/Label.vue_vue_type_script_setup_true_lang-CttW4EuH.js ................. ~ 18.63ms
  2026-08-10 16:30:37 /build/assets/Button.vue_vue_type_script_setup_true_lang-DC3C4Lkk.js ................ ~ 14.30ms
  2026-08-10 16:30:37 /build/assets/index-Ad_UtPjr.js ..................................................... ~ 23.84ms
  2026-08-10 16:30:37 /build/assets/TextLink.vue_vue_type_script_setup_true_lang-BZPauasa.js .............. ~ 35.99ms
  2026-08-10 16:30:37 /build/assets/check-DYyBX4DW.js ..................................................... ~ 45.01ms
  2026-08-10 16:30:37 /build/assets/createLucideIcon-Cpxl1yMv.js .......................................... ~ 57.15ms
  2026-08-10 16:30:37 /build/assets/AuthLayout.vue_vue_type_script_setup_true_lang-7mTu3zdG.js ............ ~ 56.22ms
  2026-08-10 16:30:37 /build/assets/AppLogoIcon.vue_vue_type_script_setup_true_lang-CUugQWWK.js ........... ~ 37.98ms
  2026-08-10 16:30:37 /favicon.ico ........................................................................ ~ 19.16ms
  2026-08-10 16:30:37 /build/assets/loader-circle-B-eS4ta0.js ............................................. ~ 37.09ms
  2026-08-10 16:30:37 /build/assets/newsreader-latin-600-normal-30OJ_TG_.woff2 ............................. ~ 0.66ms
  2026-08-10 16:31:12 /login ................................................................................... ~ 1s
  2026-08-10 16:31:13 /sections/1/assessments .............................................................. ~ 2.72ms
  2026-08-10 16:31:13 /build/assets/Index-BwVQKvbE.js .................................................... ~ 510.01ms
  2026-08-10 16:31:13 /build/assets/AppLayout.vue_vue_type_script_setup_true_lang-ei8d2tNx.js ............ ~ 516.87ms
  2026-08-10 16:31:13 /build/assets/plus-DDc328DK.js ...................................................... ~ 14.77ms
  2026-08-10 16:31:13 /build/assets/download-ChBQNri5.js .................................................. ~ 12.64ms
  2026-08-10 16:31:13 /build/assets/clipboard-check-DjnWgpWt.js ........................................... ~ 18.41ms
  2026-08-10 16:31:13 /build/assets/calendar-days-DGY2WSHN.js ............................................. ~ 25.67ms
  2026-08-10 16:31:13 /build/assets/newsreader-latin-700-normal-rIgV_oaK.woff2 ............................. ~ 0.89ms
  2026-08-10 16:31:14 /favicon.ico ......................................................................... ~ 0.79ms
  2026-08-10 16:31:18 /sections/1/assessments .............................................................. ~ 4.81ms
  2026-08-10 16:31:18 /build/assets/app-M2WwAGdR.css ....................................................... ~ 2.51ms
  2026-08-10 16:31:18 /build/assets/app-C8d1wsiQ.js ........................................................ ~ 2.36ms
  2026-08-10 16:31:18 /build/assets/Index-BwVQKvbE.js ...................................................... ~ 2.45ms
  2026-08-10 16:31:18 /build/assets/AppLayout.vue_vue_type_script_setup_true_lang-ei8d2tNx.js ............. ~ 15.99ms
  2026-08-10 16:31:18 /build/assets/Button.vue_vue_type_script_setup_true_lang-DC3C4Lkk.js ................ ~ 13.18ms
  2026-08-10 16:31:18 /build/assets/index-Ad_UtPjr.js ..................................................... ~ 24.16ms
  2026-08-10 16:31:18 /build/assets/createLucideIcon-Cpxl1yMv.js .......................................... ~ 34.67ms
  2026-08-10 16:31:18 /build/assets/AppLogoIcon.vue_vue_type_script_setup_true_lang-CUugQWWK.js ........... ~ 42.49ms
  2026-08-10 16:31:19 /build/assets/plus-DDc328DK.js ...................................................... ~ 12.01ms
  2026-08-10 16:31:19 /build/assets/download-ChBQNri5.js ................................................... ~ 1.27ms
  2026-08-10 16:31:19 /build/assets/clipboard-check-DjnWgpWt.js ............................................ ~ 8.82ms
  2026-08-10 16:31:19 /build/assets/calendar-days-DGY2WSHN.js ............................................. ~ 14.29ms
  2026-08-10 16:31:19 /favicon.ico ......................................................................... ~ 7.58ms
  2026-08-10 16:31:19 /build/assets/newsreader-latin-700-normal-rIgV_oaK.woff2 ............................. ~ 2.65ms
  2026-08-10 16:34:51 /sections/1/assessments ............................................................ ~ 514.38ms
  2026-08-10 16:34:51 /build/assets/app-M2WwAGdR.css ....................................................... ~ 2.12ms
  2026-08-10 16:34:51 /build/assets/app-CgbchODC.js ........................................................ ~ 2.16ms
  2026-08-10 16:34:51 /build/assets/Index-C4uDNuPr.js ...................................................... ~ 2.53ms
  2026-08-10 16:34:51 /build/assets/AppLayout.vue_vue_type_script_setup_true_lang-qD8ws4yM.js ............. ~ 13.58ms
  2026-08-10 16:34:51 /build/assets/Button.vue_vue_type_script_setup_true_lang-Cynrhnxj.js ................ ~ 11.90ms
  2026-08-10 16:34:51 /build/assets/index-ClgC0O6L.js ..................................................... ~ 21.50ms
  2026-08-10 16:34:51 /build/assets/createLucideIcon-C6NcFDSb.js .......................................... ~ 32.55ms
  2026-08-10 16:34:51 /build/assets/AppLogoIcon.vue_vue_type_script_setup_true_lang-BpOpVvfF.js ........... ~ 39.43ms
  2026-08-10 16:34:51 /build/assets/plus-CilXjVXk.js ...................................................... ~ 42.54ms
  2026-08-10 16:34:51 /build/assets/download-Dyz8wa3l.js .................................................. ~ 41.14ms
  2026-08-10 16:34:51 /build/assets/clipboard-check-jcCOQXGt.js ........................................... ~ 17.41ms
  2026-08-10 16:34:51 /build/assets/calendar-days-DTsb6eWa.js ............................................. ~ 18.90ms
  2026-08-10 16:34:51 /favicon.ico ........................................................................ ~ 10.04ms
  2026-08-10 16:34:51 /build/assets/newsreader-latin-700-normal-rIgV_oaK.woff2 ............................. ~ 0.93ms
  2026-08-10 16:35:05 /sections/1/assessments/1 .......................................................... ~ 516.41ms
  2026-08-10 16:35:06 /build/assets/Show-PqkAhbnL.js ....................................................... ~ 2.22ms
  2026-08-10 16:35:06 /build/assets/arrow-left-lkQYLXmu.js ................................................ ~ 14.09ms
  2026-08-10 16:35:06 /build/assets/loader-circle-nK0lsgEl.js ............................................. ~ 13.40ms
  2026-08-10 16:35:06 /build/assets/check-D1ZlXbgM.js ..................................................... ~ 25.42ms
  2026-08-10 16:35:06 /favicon.ico ......................................................................... ~ 1.61ms
  2026-08-10 16:45:04 / .................................................................................... ~ 3.74ms
  2026-08-10 16:45:04 /favicon.ico ............................................................................. ~ 2s
  2026-08-10 16:45:18 /login ............................................................................... ~ 3.03ms
  2026-08-10 16:45:19 /favicon.ico ......................................................................... ~ 3.44ms
  2026-08-10 16:45:28 /login ............................................................................. ~ 503.35ms
  2026-08-10 16:45:29 /dashboard ......................................................................... ~ 508.44ms
  2026-08-10 16:45:31 /favicon.ico ......................................................................... ~ 2.84ms
  2026-08-10 16:45:36 /sections/create ................................................................... ~ 507.36ms
  2026-08-10 16:45:37 /favicon.ico ......................................................................... ~ 2.07ms
  2026-08-10 16:46:35 /sections .......................................................................... ~ 509.35ms
  2026-08-10 16:46:36 /sections/create ..................................................................... ~ 1.82ms
  2026-08-10 16:46:45 /sections .......................................................................... ~ 503.13ms
  2026-08-10 16:46:46 /sections/2 ........................................................................ ~ 509.67ms
  2026-08-10 16:46:46 /favicon.ico ......................................................................... ~ 2.26ms
  2026-08-10 16:47:15 /sections/2/layout-blocks .......................................................... ~ 504.45ms
  2026-08-10 16:47:15 /sections/2 .......................................................................... ~ 0.80ms
  2026-08-10 16:47:26 /sections/2/layout-blocks .......................................................... ~ 505.88ms
  2026-08-10 16:47:26 /sections/2 .......................................................................... ~ 2.39ms
  2026-08-10 16:47:35 /sections/2/layout-blocks ............................................................ ~ 2.84ms
  2026-08-10 16:47:35 /sections/2 ........................................................................ ~ 507.07ms
  2026-08-10 16:47:37 /sections ............................................................................ ~ 5.00ms
  2026-08-10 16:47:37 /favicon.ico ......................................................................... ~ 2.51ms
  2026-08-10 16:47:40 /sections/2 .......................................................................... ~ 2.93ms
  2026-08-10 16:47:41 /favicon.ico ......................................................................... ~ 2.27ms
  2026-08-10 16:52:00 /sections/2 .......................................................................... ~ 2.66ms
  2026-08-10 16:52:00 /favicon.ico ....................................................................... ~ 519.35ms
  2026-08-10 16:55:40 /sections/2 ........................................................................ ~ 517.53ms
  2026-08-10 16:55:41 /favicon.ico ......................................................................... ~ 2.24ms
  2026-08-10 16:56:48 /sections/2 ........................................................................ ~ 508.32ms
  2026-08-10 16:56:49 /favicon.ico ......................................................................... ~ 2.23ms
  2026-08-10 16:59:08 /login ............................................................................. ~ 508.28ms
  2026-08-10 16:59:28 /login ............................................................................... ~ 2.48ms
  2026-08-10 16:59:29 /favicon.ico ......................................................................... ~ 2.81ms
  2026-08-10 17:00:05 /login ................................................................................... ~ 1s
  2026-08-10 17:00:06 /dashboard ........................................................................... ~ 2.18ms
  2026-08-10 17:00:06 /favicon.ico ......................................................................... ~ 3.44ms
  2026-08-10 17:00:20 /sections/1 ........................................................................ ~ 515.49ms
  2026-08-10 17:00:21 /favicon.ico ......................................................................... ~ 2.19ms
  2026-08-10 17:09:26 /sections/2 ........................................................................ ~ 505.61ms
  2026-08-10 17:09:26 /favicon.ico ....................................................................... ~ 523.53ms
  2026-08-10 17:09:49 /sections/2/floor-plan ............................................................. ~ 515.77ms
  2026-08-10 17:09:49 /sections/2 .......................................................................... ~ 2.36ms
  2026-08-10 17:10:21 /sections/2/students ............................................................... ~ 519.95ms
  2026-08-10 17:10:22 /sections/2 .......................................................................... ~ 2.22ms
  2026-08-10 17:10:35 /dashboard ......................................................................... ~ 518.90ms
  2026-08-10 17:10:35 /favicon.ico ......................................................................... ~ 2.17ms
  2026-08-10 17:10:40 /sections/2 ........................................................................ ~ 518.30ms
  2026-08-10 17:10:41 /favicon.ico ......................................................................... ~ 2.26ms
  2026-08-10 17:16:35 /login ............................................................................... ~ 2.60ms
  2026-08-10 17:16:36 /favicon.ico ......................................................................... ~ 2.77ms
  2026-08-10 17:17:11 /login ................................................................................... ~ 1s
  2026-08-10 17:17:12 /dashboard ........................................................................... ~ 2.61ms
  2026-08-10 17:17:12 /favicon.ico ......................................................................... ~ 2.63ms
  2026-08-10 17:17:16 /sections/1 ........................................................................ ~ 515.28ms
  2026-08-10 17:17:17 /favicon.ico ......................................................................... ~ 2.45ms
  2026-08-10 17:17:58 /sections/1/students ................................................................. ~ 1.29ms
  2026-08-10 17:17:59 /sections/1 ........................................................................ ~ 509.29ms
  2026-08-10 17:18:32 /sections/1/students ................................................................. ~ 2.61ms
  2026-08-10 17:18:33 /sections/1 .......................................................................... ~ 2.25ms
  2026-08-10 17:25:28 /sections/2 ........................................................................ ~ 516.02ms
  2026-08-10 17:25:28 /favicon.ico ....................................................................... ~ 528.32ms
  2026-08-10 17:30:47 /sections/2/floor-plan ............................................................. ~ 515.67ms
  2026-08-10 17:30:48 /sections/2 ........................................................................ ~ 507.11ms
  2026-08-10 17:30:48 /sections/2 ........................................................................ ~ 506.62ms
  2026-08-10 17:30:48 /sections/2/floor-plan ............................................................. ~ 520.46ms
  2026-08-10 17:30:49 /favicon.ico ......................................................................... ~ 1.77ms
  2026-08-10 17:30:50 /login ............................................................................. ~ 515.66ms
  2026-08-10 17:30:51 /favicon.ico ......................................................................... ~ 3.39ms
  2026-08-10 17:31:28 /login ................................................................................... ~ 1s
  2026-08-10 17:31:28 /dashboard ........................................................................... ~ 1.37ms
  2026-08-10 17:31:29 /favicon.ico ......................................................................... ~ 1.25ms
  2026-08-10 17:31:33 /sections/2 ........................................................................ ~ 512.61ms
  2026-08-10 17:31:34 /favicon.ico ......................................................................... ~ 1.19ms
  2026-08-10 17:31:50 /sections/2/floor-plan ............................................................... ~ 3.87ms
  2026-08-10 17:31:51 /sections/2 ........................................................................ ~ 505.58ms
  2026-08-10 17:32:35 /sections/2/assessments .............................................................. ~ 1.19ms
  2026-08-10 17:32:36 /favicon.ico ......................................................................... ~ 1.36ms
  2026-08-10 17:32:40 /sections/2/assessments .............................................................. ~ 1.05ms
  2026-08-10 17:32:40 /favicon.ico ......................................................................... ~ 0.80ms
  2026-08-10 17:32:43 /sections/2/assessments .................................................................. ~ 1s
  2026-08-10 17:32:43 /favicon.ico ......................................................................... ~ 1.42ms
  2026-08-10 17:32:47 /sections/2/reports/gradebook ........................................................ ~ 1.07ms
  2026-08-10 17:32:47 /favicon.ico ......................................................................... ~ 1.19ms
  2026-08-10 17:32:54 /dashboard ......................................................................... ~ 511.73ms
  2026-08-10 17:32:55 /favicon.ico ......................................................................... ~ 2.21ms
  2026-08-10 17:32:57 /sections/1 .............................................................................. ~ 1s
  2026-08-10 17:32:58 /favicon.ico ......................................................................... ~ 1.67ms
  2026-08-10 17:33:14 /sections/1/floor-plan ............................................................... ~ 2.08ms
  2026-08-10 17:33:15 /sections/1 ........................................................................ ~ 514.64ms
  2026-08-10 17:33:22 /sections/1/floor-plan ............................................................. ~ 516.73ms
  2026-08-10 17:33:23 /sections/1 ........................................................................ ~ 519.10ms
  2026-08-10 17:36:43 /login ............................................................................. ~ 512.78ms
  2026-08-10 17:36:45 /favicon.ico ......................................................................... ~ 4.23ms
  2026-08-10 17:37:27 /login ................................................................................... ~ 1s
  2026-08-10 17:37:28 /dashboard ......................................................................... ~ 514.04ms
  2026-08-10 17:37:28 /favicon.ico ......................................................................... ~ 2.94ms
  2026-08-10 17:37:33 /sections/2 ........................................................................ ~ 516.04ms
  2026-08-10 17:37:34 /favicon.ico ......................................................................... ~ 1.55ms
  2026-08-10 17:38:25 /sections/2/floor-plan ................................................................... ~ 1s
  2026-08-10 17:38:26 /sections/2 ........................................................................ ~ 507.13ms
